// Jest Snapshot v1, https://goo.gl/fbAQLP

exports[`Stock renders passes test 1`] = `
<div>
  <div>
    <span
      class="stock-title"
    >
      Stock
    </span>
    <input
      class="stock-input"
      data-testid="stock-input"
      value="4"
    />
    <span>
      kg
    </span>
  </div>
</div>
`;
